
Collecting usage statistics. To deactivate, set browser.gatherUsageStats to false.


  You can now view your Streamlit app in your browser.

  Local URL: http://localhost:8501
  Network URL: http://192.168.0.2:8501
  External URL: http://35.224.132.190:8501

/app/src/data.py:20: FutureWarning: A value is trying to be set on a copy of a DataFrame or Series through chained assignment using an inplace method.
The behavior will change in pandas 3.0. This inplace method will never work because the intermediate object on which we are setting values always behaves as a copy.

For example, when doing 'df[col].method(value, inplace=True)', try using 'df.method({col: value}, inplace=True)' or df[col] = df[col].method(value) instead, to perform the operation inplace on the original object.


  gdf['building:levels'].fillna(2, inplace=True)
/app/src/intelligence.py:22: FutureWarning: A value is trying to be set on a copy of a DataFrame or Series through chained assignment using an inplace method.
The behavior will change in pandas 3.0. This inplace method will never work because the intermediate object on which we are setting values always behaves as a copy.

For example, when doing 'df[col].method(value, inplace=True)', try using 'df.method({col: value}, inplace=True)' or df[col] = df[col].method(value) instead, to perform the operation inplace on the original object.


  gdf['building:use'].fillna('residential', inplace=True)
/app/app.py:22: DeprecationWarning: The 'unary_union' attribute is deprecated, use the 'union_all()' method instead.
  m = folium.Map(location=[gdf.unary_union.centroid.y, gdf.unary_union.centroid.x], zoom_start=15)
2026-01-19 18:25:03.590 Uncaught app execution
Traceback (most recent call last):
  File "/home/jules/.pyenv/versions/3.12.12/lib/python3.12/site-packages/streamlit/runtime/scriptrunner/exec_code.py", line 129, in exec_func_with_error_handling
    result = func()
             ^^^^^^
  File "/home/jules/.pyenv/versions/3.12.12/lib/python3.12/site-packages/streamlit/runtime/scriptrunner/script_runner.py", line 672, in code_to_exec
    exec(code, module.__dict__)  # noqa: S102
    ^^^^^^^^^^^^^^^^^^^^^^^^^^^
  File "/app/app.py", line 90, in <module>
    st_folium(display_map(gdf, solar_stations, show_suitability, show_demand, show_stations), width=1200, height=800)
              ^^^^^^^^^^^^^^^^^^^^^^^^^^^^^^^^^^^^^^^^^^^^^^^^^^^^^^^^^^^^^^^^^^^^^^^^^^^^^^
  File "/app/app.py", line 66, in display_map
    """).add_to(m.features[0] if m.features else m)
                                 ^^^^^^^^^^
AttributeError: 'Map' object has no attribute 'features'
/app/app.py:22: DeprecationWarning: The 'unary_union' attribute is deprecated, use the 'union_all()' method instead.
  m = folium.Map(location=[gdf.unary_union.centroid.y, gdf.unary_union.centroid.x], zoom_start=15)
/app/app.py:22: DeprecationWarning: The 'unary_union' attribute is deprecated, use the 'union_all()' method instead.
  m = folium.Map(location=[gdf.unary_union.centroid.y, gdf.unary_union.centroid.x], zoom_start=15)
